node.exe :  db Skipped - Image is already present locally 
At line:1 char:1
+ & "C:\Program Files\nodejs/node.exe" "C:\Program Files\nodejs/node_mo ...
+ ~~~~~~~~~~~~~~~~~~~~~~~~~~~~~~~~~~~~~~~~~~~~~~~~~~~~~~~~~~~~~~~~~~~~~
    + CategoryInfo          : NotSpecified: ( db Skipped - I...resent locally :String) [], RemoteException
    + FullyQualifiedErrorId : NativeCommandError
 
 mailpit Skipped - Image is already present locally 
 pgmeta Skipped - Image is already present locally 
 gateway Skipped - Image is already present locally 
 realtime Skipped - Image is already present locally 
 api Skipped - Image is already present locally 
 auth Skipped - Image is already present locally 
 storage Skipped - Image is already present locally 
 imgProxy Skipped - Image is already present locally 
 edge-runtime Pulling 
 studio Pulling 
 b9136609bef0 Already exists 
 bfab333b5e81 Already exists 
 be4c37910e5f Already exists 
 b9136609bef0 Already exists 
 724041fce750 Already exists 
 abecb94bba46 Pulling fs layer 
 0367cb7f5023 Pulling fs layer 
 0367cb7f5023 Download complete 
 abecb94bba46 Downloading [===============================================>   ]    223MB/236MB
 fd3790d1cc16 Already exists 
 abecb94bba46 Downloading [===============================================>   ]  223.6MB/236MB
 4c3f9c72f605 Already exists 
 3b89dda362aa Already exists 
 abecb94bba46 Downloading [===============================================>   ]  224.1MB/236MB
 aafc9ed68395 Already exists 
 efb8c6bed1c3 Pulling fs layer 
 cd78ab0ac3d9 Pulling fs layer 
 6b2a68bc0240 Pulling fs layer 
 009217687f0b Pulling fs layer 
 2612b50dac70 Pulling fs layer 
 2dbdb94c282e Pulling fs layer 
 2dbdb94c282e Downloading [===========================>                       ]  27.41MB/48.99MB
 efb8c6bed1c3 Extracting [==>                                                ]  7.799MB/130.5MB
 cd78ab0ac3d9 Download complete 
 6b2a68bc0240 Download complete 
 009217687f0b Download complete 
 2612b50dac70 Download complete 
 efb8c6bed1c3 Extracting [===>                                               ]  8.356MB/130.5MB
 abecb94bba46 Downloading [===============================================>   ]  224.6MB/236MB
 2dbdb94c282e Downloading [============================>                      ]   27.9MB/48.99MB
 abecb94bba46 Downloading [===============================================>   ]  225.1MB/236MB
 2dbdb94c282e Downloading [============================>                      ]  28.39MB/48.99MB
 efb8c6bed1c3 Extracting [===>                                               ]  8.913MB/130.5MB
 abecb94bba46 Downloading [===============================================>   ]  225.7MB/236MB
 2dbdb94c282e Downloading [=============================>                     ]  28.89MB/48.99MB
 2dbdb94c282e Downloading [=============================>                     ]  29.38MB/48.99MB
 abecb94bba46 Downloading [===============================================>   ]  226.2MB/236MB
 2dbdb94c282e Downloading [==============================>                    ]  29.89MB/48.99MB
 abecb94bba46 Downloading [================================================>  ]  226.8MB/236MB
 efb8c6bed1c3 Extracting [===>                                               ]   9.47MB/130.5MB
 2dbdb94c282e Downloading [===============================>                   ]  30.38MB/48.99MB
 efb8c6bed1c3 Extracting [===>                                               ]  10.03MB/130.5MB
 abecb94bba46 Downloading [================================================>  ]  227.3MB/236MB
 2dbdb94c282e Downloading [===============================>                   ]  30.87MB/48.99MB
 efb8c6bed1c3 Extracting [====>                                              ]  10.58MB/130.5MB
 abecb94bba46 Downloading [================================================>  ]  227.8MB/236MB
 2dbdb94c282e Downloading [================================>                  ]  31.38MB/48.99MB
 efb8c6bed1c3 Extracting [====>                                              ]  11.14MB/130.5MB
 abecb94bba46 Downloading [================================================>  ]  228.4MB/236MB
 2dbdb94c282e Downloading [================================>                  ]  31.87MB/48.99MB
 2dbdb94c282e Downloading [=================================>                 ]  32.36MB/48.99MB
 efb8c6bed1c3 Extracting [====>                                              ]   11.7MB/130.5MB
 abecb94bba46 Downloading [================================================>  ]  228.9MB/236MB
 2dbdb94c282e Downloading [=================================>                 ]  32.86MB/48.99MB
 abecb94bba46 Downloading [================================================>  ]  229.4MB/236MB
 2dbdb94c282e Downloading [==================================>                ]  33.36MB/48.99MB
 2dbdb94c282e Downloading [==================================>                ]  33.86MB/48.99MB
 abecb94bba46 Downloading [================================================>  ]    230MB/236MB
 efb8c6bed1c3 Extracting [====>                                              ]  12.26MB/130.5MB
 abecb94bba46 Downloading [================================================>  ]  230.5MB/236MB
 2dbdb94c282e Downloading [===================================>               ]  34.35MB/48.99MB
 abecb94bba46 Downloading [================================================>  ]    231MB/236MB
 2dbdb94c282e Downloading [===================================>               ]  34.85MB/48.99MB
 2dbdb94c282e Downloading [====================================>              ]  35.34MB/48.99MB
 abecb94bba46 Downloading [=================================================> ]  231.5MB/236MB
 2dbdb94c282e Downloading [====================================>              ]  35.83MB/48.99MB
 efb8c6bed1c3 Extracting [====>                                              ]  12.81MB/130.5MB
 abecb94bba46 Downloading [=================================================> ]  232.1MB/236MB
 2dbdb94c282e Downloading [=====================================>             ]  36.33MB/48.99MB
 abecb94bba46 Downloading [=================================================> ]  232.6MB/236MB
 efb8c6bed1c3 Extracting [=====>                                             ]  13.37MB/130.5MB
 2dbdb94c282e Downloading [=====================================>             ]  36.83MB/48.99MB
 efb8c6bed1c3 Extracting [=====>                                             ]  13.93MB/130.5MB
 abecb94bba46 Downloading [=================================================> ]  233.1MB/236MB
 2dbdb94c282e Downloading [======================================>            ]  37.34MB/48.99MB
 2dbdb94c282e Downloading [======================================>            ]  37.83MB/48.99MB
 efb8c6bed1c3 Extracting [=====>                                             ]  14.48MB/130.5MB
 abecb94bba46 Downloading [=================================================> ]  233.7MB/236MB
 2dbdb94c282e Downloading [=======================================>           ]  38.33MB/48.99MB
 abecb94bba46 Downloading [=================================================> ]  234.2MB/236MB
 efb8c6bed1c3 Extracting [=====>                                             ]  15.04MB/130.5MB
 2dbdb94c282e Downloading [=======================================>           ]  38.82MB/48.99MB
 efb8c6bed1c3 Extracting [=====>                                             ]   15.6MB/130.5MB
 abecb94bba46 Downloading [=================================================> ]  234.8MB/236MB
 2dbdb94c282e Downloading [========================================>          ]  39.31MB/48.99MB
 efb8c6bed1c3 Extracting [======>                                            ]  16.15MB/130.5MB
 abecb94bba46 Downloading [=================================================> ]  235.3MB/236MB
 2dbdb94c282e Downloading [========================================>          ]  39.81MB/48.99MB
 abecb94bba46 Downloading [=================================================> ]  235.8MB/236MB
 abecb94bba46 Download complete 
 2dbdb94c282e Downloading [=========================================>         ]  40.31MB/48.99MB
 efb8c6bed1c3 Extracting [======>                                            ]  16.71MB/130.5MB
 2dbdb94c282e Downloading [=========================================>         ]  40.81MB/48.99MB
 abecb94bba46 Extracting [>                                                  ]  557.1kB/236MB
 2dbdb94c282e Downloading [==========================================>        ]   41.3MB/48.99MB
 2dbdb94c282e Downloading [==========================================>        ]  41.81MB/48.99MB
 efb8c6bed1c3 Extracting [======>                                            ]  17.27MB/130.5MB
 2dbdb94c282e Downloading [===========================================>       ]   42.3MB/48.99MB
 abecb94bba46 Extracting [>                                                  ]  1.114MB/236MB
 abecb94bba46 Extracting [>                                                  ]  1.671MB/236MB
 abecb94bba46 Extracting [>                                                  ]  2.785MB/236MB
 2dbdb94c282e Downloading [===========================================>       ]  42.81MB/48.99MB
 abecb94bba46 Extracting [>                                                  ]  3.342MB/236MB
 2dbdb94c282e Downloading [============================================>      ]  43.31MB/48.99MB
 efb8c6bed1c3 Extracting [======>                                            ]  17.83MB/130.5MB
 abecb94bba46 Extracting [>                                                  ]  3.899MB/236MB
 2dbdb94c282e Downloading [============================================>      ]   43.8MB/48.99MB
 abecb94bba46 Extracting [>                                                  ]  4.456MB/236MB
 2dbdb94c282e Downloading [=============================================>     ]   44.3MB/48.99MB
 abecb94bba46 Extracting [=>                                                 ]  5.571MB/236MB
 2dbdb94c282e Downloading [=============================================>     ]  44.79MB/48.99MB
 abecb94bba46 Extracting [=>                                                 ]  6.685MB/236MB
 efb8c6bed1c3 Extracting [=======>                                           ]  18.38MB/130.5MB
 abecb94bba46 Extracting [=>                                                 ]  7.799MB/236MB
 abecb94bba46 Extracting [=>                                                 ]  8.356MB/236MB
 2dbdb94c282e Downloading [==============================================>    ]  45.29MB/48.99MB
 abecb94bba46 Extracting [=>                                                 ]  8.913MB/236MB
 2dbdb94c282e Downloading [==============================================>    ]  45.79MB/48.99MB
 abecb94bba46 Extracting [==>                                                ]   9.47MB/236MB
 abecb94bba46 Extracting [==>                                                ]  10.58MB/236MB
 abecb94bba46 Extracting [==>                                                ]  11.14MB/236MB
 efb8c6bed1c3 Extracting [=======>                                           ]  18.94MB/130.5MB
 2dbdb94c282e Downloading [===============================================>   ]  46.29MB/48.99MB
 abecb94bba46 Extracting [==>                                                ]   11.7MB/236MB
 efb8c6bed1c3 Extracting [=======>                                           ]   19.5MB/130.5MB
 2dbdb94c282e Downloading [===============================================>   ]  46.78MB/48.99MB
 abecb94bba46 Extracting [==>                                                ]  12.26MB/236MB
 2dbdb94c282e Downloading [================================================>  ]  47.28MB/48.99MB
 abecb94bba46 Extracting [==>                                                ]  13.37MB/236MB
 2dbdb94c282e Downloading [================================================>  ]  47.77MB/48.99MB
 abecb94bba46 Extracting [==>                                                ]  13.93MB/236MB
 2dbdb94c282e Downloading [=================================================> ]  48.78MB/48.99MB
 efb8c6bed1c3 Extracting [=======>                                           ]  20.05MB/130.5MB
 2dbdb94c282e Verifying Checksum 
 2dbdb94c282e Download complete 
 abecb94bba46 Extracting [===>                                               ]  14.48MB/236MB
 abecb94bba46 Extracting [===>                                               ]  15.04MB/236MB
 efb8c6bed1c3 Extracting [=======>                                           ]  20.61MB/130.5MB
 abecb94bba46 Extracting [===>                                               ]   15.6MB/236MB
 abecb94bba46 Extracting [===>                                               ]  16.15MB/236MB
 abecb94bba46 Extracting [===>                                               ]  16.71MB/236MB
 efb8c6bed1c3 Extracting [========>                                          ]  21.17MB/130.5MB
 abecb94bba46 Extracting [===>                                               ]  17.27MB/236MB
 abecb94bba46 Extracting [===>                                               ]  18.38MB/236MB
 efb8c6bed1c3 Extracting [========>                                          ]  21.73MB/130.5MB
 abecb94bba46 Extracting [====>                                              ]  18.94MB/236MB
 efb8c6bed1c3 Extracting [========>                                          ]  22.28MB/130.5MB
 abecb94bba46 Extracting [====>                                              ]   19.5MB/236MB
 efb8c6bed1c3 Extracting [========>                                          ]  22.84MB/130.5MB
 abecb94bba46 Extracting [====>                                              ]  20.05MB/236MB
 abecb94bba46 Extracting [====>                                              ]  20.61MB/236MB
 efb8c6bed1c3 Extracting [========>                                          ]   23.4MB/130.5MB
 abecb94bba46 Extracting [====>                                              ]  21.17MB/236MB
 efb8c6bed1c3 Extracting [=========>                                         ]  23.95MB/130.5MB
 abecb94bba46 Extracting [====>                                              ]   23.4MB/236MB
 abecb94bba46 Extracting [=====>                                             ]  25.62MB/236MB
 abecb94bba46 Extracting [=====>                                             ]  27.85MB/236MB
 abecb94bba46 Extracting [======>                                            ]  30.64MB/236MB
 abecb94bba46 Extracting [======>                                            ]  32.87MB/236MB
 abecb94bba46 Extracting [=======>                                           ]  33.98MB/236MB
 efb8c6bed1c3 Extracting [=========>                                         ]  24.51MB/130.5MB
 abecb94bba46 Extracting [=======>                                           ]  35.65MB/236MB
 abecb94bba46 Extracting [=======>                                           ]  36.77MB/236MB
 abecb94bba46 Extracting [========>                                          ]  37.88MB/236MB
 abecb94bba46 Extracting [========>                                          ]  38.44MB/236MB
 efb8c6bed1c3 Extracting [=========>                                         ]  25.07MB/130.5MB
 abecb94bba46 Extracting [========>                                          ]  38.99MB/236MB
 efb8c6bed1c3 Extracting [=========>                                         ]  25.62MB/130.5MB
 abecb94bba46 Extracting [========>                                          ]  39.55MB/236MB
 abecb94bba46 Extracting [========>                                          ]  40.11MB/236MB
 abecb94bba46 Extracting [========>                                          ]  40.67MB/236MB
 abecb94bba46 Extracting [========>                                          ]  41.22MB/236MB
 efb8c6bed1c3 Extracting [==========>                                        ]  26.18MB/130.5MB
 abecb94bba46 Extracting [========>                                          ]  41.78MB/236MB
 abecb94bba46 Extracting [========>                                          ]  42.34MB/236MB
 efb8c6bed1c3 Extracting [==========>                                        ]  26.74MB/130.5MB
 abecb94bba46 Extracting [=========>                                         ]  42.89MB/236MB
 abecb94bba46 Extracting [=========>                                         ]  43.45MB/236MB
 abecb94bba46 Extracting [=========>                                         ]  44.01MB/236MB
 abecb94bba46 Extracting [=========>                                         ]  45.12MB/236MB
 abecb94bba46 Extracting [=========>                                         ]  45.68MB/236MB
 abecb94bba46 Extracting [=========>                                         ]  46.24MB/236MB
 abecb94bba46 Extracting [=========>                                         ]  46.79MB/236MB
 abecb94bba46 Extracting [==========>                                        ]  47.35MB/236MB
 abecb94bba46 Extracting [==========>                                        ]  49.02MB/236MB
 abecb94bba46 Extracting [==========>                                        ]  49.58MB/236MB
 abecb94bba46 Extracting [==========>                                        ]  50.14MB/236MB
 efb8c6bed1c3 Extracting [==========>                                        ]   27.3MB/130.5MB
 abecb94bba46 Extracting [==========>                                        ]  50.69MB/236MB
 abecb94bba46 Extracting [==========>                                        ]  51.25MB/236MB
 abecb94bba46 Extracting [==========>                                        ]  51.81MB/236MB
 abecb94bba46 Extracting [===========>                                       ]  52.36MB/236MB
 abecb94bba46 Extracting [===========>                                       ]  52.92MB/236MB
 abecb94bba46 Extracting [===========>                                       ]  53.48MB/236MB
 abecb94bba46 Extracting [===========>                                       ]  54.03MB/236MB
 abecb94bba46 Extracting [===========>                                       ]  54.59MB/236MB
 abecb94bba46 Extracting [===========>                                       ]  55.15MB/236MB
 abecb94bba46 Extracting [===========>                                       ]  55.71MB/236MB
 abecb94bba46 Extracting [===========>                                       ]  56.26MB/236MB
 abecb94bba46 Extracting [============>                                      ]  56.82MB/236MB
 abecb94bba46 Extracting [============>                                      ]  57.38MB/236MB
 abecb94bba46 Extracting [============>                                      ]  57.93MB/236MB
 abecb94bba46 Extracting [============>                                      ]  58.49MB/236MB
 abecb94bba46 Extracting [============>                                      ]  59.05MB/236MB
 efb8c6bed1c3 Extracting [==========>                                        ]  27.85MB/130.5MB
 abecb94bba46 Extracting [============>                                      ]  61.28MB/236MB
 abecb94bba46 Extracting [=============>                                     ]  62.95MB/236MB
 abecb94bba46 Extracting [=============>                                     ]  65.18MB/236MB
 abecb94bba46 Extracting [=============>                                     ]  65.73MB/236MB
 abecb94bba46 Extracting [==============>                                    ]  66.85MB/236MB
 abecb94bba46 Extracting [==============>                                    ]  68.52MB/236MB
 abecb94bba46 Extracting [==============>                                    ]  70.75MB/236MB
 abecb94bba46 Extracting [===============>                                   ]  72.97MB/236MB
 abecb94bba46 Extracting [===============>                                   ]  74.65MB/236MB
 abecb94bba46 Extracting [================>                                  ]  76.32MB/236MB
 abecb94bba46 Extracting [================>                                  ]  76.87MB/236MB
 abecb94bba46 Extracting [================>                                  ]  77.43MB/236MB
 abecb94bba46 Extracting [================>                                  ]  77.99MB/236MB
 abecb94bba46 Extracting [================>                                  ]  78.54MB/236MB
 abecb94bba46 Extracting [================>                                  ]   79.1MB/236MB
 abecb94bba46 Extracting [================>                                  ]  79.66MB/236MB
 abecb94bba46 Extracting [================>                                  ]  80.22MB/236MB
 abecb94bba46 Extracting [=================>                                 ]  80.77MB/236MB
 efb8c6bed1c3 Extracting [==========>                                        ]  28.41MB/130.5MB
 abecb94bba46 Extracting [=================>                                 ]  81.33MB/236MB
 abecb94bba46 Extracting [=================>                                 ]  81.89MB/236MB
 abecb94bba46 Extracting [=================>                                 ]  82.44MB/236MB
 abecb94bba46 Extracting [=================>                                 ]  83.56MB/236MB
 abecb94bba46 Extracting [=================>                                 ]  84.12MB/236MB
 efb8c6bed1c3 Extracting [===========>                                       ]  28.97MB/130.5MB
 abecb94bba46 Extracting [=================>                                 ]  84.67MB/236MB
 abecb94bba46 Extracting [==================>                                ]  85.23MB/236MB
 abecb94bba46 Extracting [==================>                                ]  85.79MB/236MB
 abecb94bba46 Extracting [==================>                                ]  86.34MB/236MB
 efb8c6bed1c3 Extracting [===========>                                       ]  29.52MB/130.5MB
 abecb94bba46 Extracting [==================>                                ]   86.9MB/236MB
 abecb94bba46 Extracting [==================>                                ]  87.46MB/236MB
 abecb94bba46 Extracting [==================>                                ]  88.01MB/236MB
 abecb94bba46 Extracting [==================>                                ]  88.57MB/236MB
 efb8c6bed1c3 Extracting [===========>                                       ]  30.08MB/130.5MB
 abecb94bba46 Extracting [==================>                                ]  89.13MB/236MB
 abecb94bba46 Extracting [==================>                                ]  89.69MB/236MB
 abecb94bba46 Extracting [===================>                               ]  90.24MB/236MB
 abecb94bba46 Extracting [===================>                               ]   90.8MB/236MB
 abecb94bba46 Extracting [===================>                               ]  91.36MB/236MB
 efb8c6bed1c3 Extracting [===========>                                       ]  30.64MB/130.5MB
 abecb94bba46 Extracting [===================>                               ]  91.91MB/236MB
 abecb94bba46 Extracting [===================>                               ]  92.47MB/236MB
 efb8c6bed1c3 Extracting [===========>                                       ]   31.2MB/130.5MB
 abecb94bba46 Extracting [===================>                               ]  93.03MB/236MB
 efb8c6bed1c3 Extracting [============>                                      ]  31.75MB/130.5MB
 abecb94bba46 Extracting [===================>                               ]  93.59MB/236MB
 efb8c6bed1c3 Extracting [============>                                      ]  32.31MB/130.5MB
 abecb94bba46 Extracting [===================>                               ]  94.14MB/236MB
 efb8c6bed1c3 Extracting [============>                                      ]  32.87MB/130.5MB
 abecb94bba46 Extracting [====================>                              ]   94.7MB/236MB
 efb8c6bed1c3 Extracting [============>                                      ]  33.42MB/130.5MB
 abecb94bba46 Extracting [====================>                              ]  95.26MB/236MB
 efb8c6bed1c3 Extracting [=============>                                     ]  33.98MB/130.5MB
 abecb94bba46 Extracting [====================>                              ]  95.81MB/236MB
 efb8c6bed1c3 Extracting [=============>                                     ]  34.54MB/130.5MB
 abecb94bba46 Extracting [====================>                              ]  96.93MB/236MB
 efb8c6bed1c3 Extracting [=============>                                     ]  35.09MB/130.5MB
 abecb94bba46 Extracting [====================>                              ]  97.48MB/236MB
 abecb94bba46 Extracting [====================>                              ]  98.04MB/236MB
 efb8c6bed1c3 Extracting [=============>                                     ]  35.65MB/130.5MB
 abecb94bba46 Extracting [====================>                              ]   98.6MB/236MB
 efb8c6bed1c3 Extracting [=============>                                     ]  36.21MB/130.5MB
 abecb94bba46 Extracting [=====================>                             ]  99.16MB/236MB
 efb8c6bed1c3 Extracting [==============>                                    ]  36.77MB/130.5MB
 abecb94bba46 Extracting [=====================>                             ]  99.71MB/236MB
 efb8c6bed1c3 Extracting [==============>                                    ]  37.32MB/130.5MB
 abecb94bba46 Extracting [=====================>                             ]  100.3MB/236MB
 efb8c6bed1c3 Extracting [==============>                                    ]  37.88MB/130.5MB
 abecb94bba46 Extracting [=====================>                             ]  100.8MB/236MB
 abecb94bba46 Extracting [=====================>                             ]  101.4MB/236MB
 efb8c6bed1c3 Extracting [==============>                                    ]  38.44MB/130.5MB
 efb8c6bed1c3 Extracting [==============>                                    ]  38.99MB/130.5MB
 abecb94bba46 Extracting [=====================>                             ]  101.9MB/236MB
 abecb94bba46 Extracting [=====================>                             ]  102.5MB/236MB
 abecb94bba46 Extracting [=====================>                             ]  103.1MB/236MB
 efb8c6bed1c3 Extracting [===============>                                   ]  39.55MB/130.5MB
 abecb94bba46 Extracting [=====================>                             ]  103.6MB/236MB
 efb8c6bed1c3 Extracting [===============>                                   ]  40.11MB/130.5MB
 abecb94bba46 Extracting [======================>                            ]  104.2MB/236MB
 efb8c6bed1c3 Extracting [===============>                                   ]  40.67MB/130.5MB
 abecb94bba46 Extracting [======================>                            ]  104.7MB/236MB
 abecb94bba46 Extracting [======================>                            ]  105.3MB/236MB
 efb8c6bed1c3 Extracting [===============>                                   ]  41.22MB/130.5MB
 abecb94bba46 Extracting [======================>                            ]  105.8MB/236MB
 abecb94bba46 Extracting [======================>                            ]  106.4MB/236MB
 efb8c6bed1c3 Extracting [================>                                  ]  41.78MB/130.5MB
 abecb94bba46 Extracting [======================>                            ]    107MB/236MB
 abecb94bba46 Extracting [======================>                            ]  107.5MB/236MB
 efb8c6bed1c3 Extracting [================>                                  ]  42.34MB/130.5MB
 abecb94bba46 Extracting [======================>                            ]  108.1MB/236MB
 efb8c6bed1c3 Extracting [================>                                  ]  42.89MB/130.5MB
 abecb94bba46 Extracting [=======================>                           ]  108.6MB/236MB
 efb8c6bed1c3 Extracting [================>                                  ]  43.45MB/130.5MB
 abecb94bba46 Extracting [=======================>                           ]  109.2MB/236MB
 abecb94bba46 Extracting [=======================>                           ]  109.7MB/236MB
 efb8c6bed1c3 Extracting [================>                                  ]  44.01MB/130.5MB
 abecb94bba46 Extracting [=======================>                           ]  110.3MB/236MB
 efb8c6bed1c3 Extracting [=================>                                 ]  44.56MB/130.5MB
 abecb94bba46 Extracting [=======================>                           ]  110.9MB/236MB
 efb8c6bed1c3 Extracting [=================>                                 ]  45.12MB/130.5MB
 efb8c6bed1c3 Extracting [=================>                                 ]  45.68MB/130.5MB
 abecb94bba46 Extracting [=======================>                           ]  111.4MB/236MB
 efb8c6bed1c3 Extracting [=================>                                 ]  46.24MB/130.5MB
 abecb94bba46 Extracting [=======================>                           ]    112MB/236MB
 efb8c6bed1c3 Extracting [=================>                                 ]  46.79MB/130.5MB
 abecb94bba46 Extracting [=======================>                           ]  112.5MB/236MB
 efb8c6bed1c3 Extracting [==================>                                ]  47.35MB/130.5MB
 abecb94bba46 Extracting [=======================>                           ]  113.1MB/236MB
 efb8c6bed1c3 Extracting [==================>                                ]  47.91MB/130.5MB
 abecb94bba46 Extracting [========================>                          ]  113.6MB/236MB
 abecb94bba46 Extracting [========================>                          ]  114.2MB/236MB
 efb8c6bed1c3 Extracting [==================>                                ]  48.46MB/130.5MB
 abecb94bba46 Extracting [========================>                          ]  114.8MB/236MB
 efb8c6bed1c3 Extracting [==================>                                ]  49.02MB/130.5MB
 abecb94bba46 Extracting [========================>                          ]  115.3MB/236MB
 efb8c6bed1c3 Extracting [===================>                               ]  50.14MB/130.5MB
 efb8c6bed1c3 Extracting [===================>                               ]  50.69MB/130.5MB
 abecb94bba46 Extracting [========================>                          ]  115.9MB/236MB
 efb8c6bed1c3 Extracting [===================>                               ]  51.81MB/130.5MB
 efb8c6bed1c3 Extracting [====================>                              ]  52.36MB/130.5MB
 abecb94bba46 Extracting [========================>                          ]  116.4MB/236MB
 efb8c6bed1c3 Extracting [====================>                              ]  52.92MB/130.5MB
 efb8c6bed1c3 Extracting [====================>                              ]  53.48MB/130.5MB
 abecb94bba46 Extracting [========================>                          ]    117MB/236MB
 efb8c6bed1c3 Extracting [====================>                              ]  54.03MB/130.5MB
 efb8c6bed1c3 Extracting [=====================>                             ]  55.15MB/130.5MB
 efb8c6bed1c3 Extracting [=====================>                             ]  56.26MB/130.5MB
 efb8c6bed1c3 Extracting [=====================>                             ]  57.38MB/130.5MB
 abecb94bba46 Extracting [========================>                          ]  117.5MB/236MB
 abecb94bba46 Extracting [=========================>                         ]  118.1MB/236MB
 efb8c6bed1c3 Extracting [======================>                            ]  57.93MB/130.5MB
 abecb94bba46 Extracting [=========================>                         ]  118.7MB/236MB
 abecb94bba46 Extracting [=========================>                         ]  119.2MB/236MB
 efb8c6bed1c3 Extracting [======================>                            ]  58.49MB/130.5MB
 abecb94bba46 Extracting [=========================>                         ]  119.8MB/236MB
 efb8c6bed1c3 Extracting [======================>                            ]  59.05MB/130.5MB
 abecb94bba46 Extracting [=========================>                         ]  120.3MB/236MB
 efb8c6bed1c3 Extracting [======================>                            ]   59.6MB/130.5MB
 efb8c6bed1c3 Extracting [=======================>                           ]  60.16MB/130.5MB
 efb8c6bed1c3 Extracting [=======================>                           ]  60.72MB/130.5MB
 abecb94bba46 Extracting [=========================>                         ]  120.9MB/236MB
 efb8c6bed1c3 Extracting [=======================>                           ]  61.83MB/130.5MB
 abecb94bba46 Extracting [=========================>                         ]  121.4MB/236MB
 efb8c6bed1c3 Extracting [=======================>                           ]  62.39MB/130.5MB
 efb8c6bed1c3 Extracting [========================>                          ]   63.5MB/130.5MB
 abecb94bba46 Extracting [=========================>                         ]    122MB/236MB
 efb8c6bed1c3 Extracting [========================>                          ]  64.62MB/130.5MB
 abecb94bba46 Extracting [=========================>                         ]  122.6MB/236MB
 efb8c6bed1c3 Extracting [========================>                          ]  65.18MB/130.5MB
 abecb94bba46 Extracting [==========================>                        ]  123.1MB/236MB
 abecb94bba46 Extracting [==========================>                        ]  123.7MB/236MB
 efb8c6bed1c3 Extracting [=========================>                         ]  65.73MB/130.5MB
 efb8c6bed1c3 Extracting [=========================>                         ]  66.29MB/130.5MB
 abecb94bba46 Extracting [==========================>                        ]  124.2MB/236MB
 abecb94bba46 Extracting [==========================>                        ]  124.8MB/236MB
 efb8c6bed1c3 Extracting [=========================>                         ]  66.85MB/130.5MB
 abecb94bba46 Extracting [==========================>                        ]  125.3MB/236MB
 efb8c6bed1c3 Extracting [==========================>                        ]  67.96MB/130.5MB
 efb8c6bed1c3 Extracting [==========================>                        ]  68.52MB/130.5MB
 abecb94bba46 Extracting [==========================>                        ]  125.9MB/236MB
 efb8c6bed1c3 Extracting [==========================>                        ]  69.07MB/130.5MB
 efb8c6bed1c3 Extracting [==========================>                        ]  70.19MB/130.5MB
 efb8c6bed1c3 Extracting [===========================>                       ]  70.75MB/130.5MB
 abecb94bba46 Extracting [==========================>                        ]  126.5MB/236MB
 abecb94bba46 Extracting [==========================>                        ]    127MB/236MB
 efb8c6bed1c3 Extracting [===========================>                       ]   71.3MB/130.5MB
 efb8c6bed1c3 Extracting [===========================>                       ]  72.42MB/130.5MB
 abecb94bba46 Extracting [===========================>                       ]  127.6MB/236MB
 abecb94bba46 Extracting [===========================>                       ]  128.1MB/236MB
 abecb94bba46 Extracting [===========================>                       ]  128.7MB/236MB
 efb8c6bed1c3 Extracting [===========================>                       ]  72.97MB/130.5MB
 abecb94bba46 Extracting [===========================>                       ]  129.2MB/236MB
 efb8c6bed1c3 Extracting [============================>                      ]  73.53MB/130.5MB
 efb8c6bed1c3 Extracting [============================>                      ]  74.09MB/130.5MB
 abecb94bba46 Extracting [===========================>                       ]  129.8MB/236MB
 efb8c6bed1c3 Extracting [============================>                      ]  74.65MB/130.5MB
 abecb94bba46 Extracting [===========================>                       ]  130.4MB/236MB
 abecb94bba46 Extracting [===========================>                       ]  130.9MB/236MB
 efb8c6bed1c3 Extracting [============================>                      ]   75.2MB/130.5MB
 abecb94bba46 Extracting [===========================>                       ]  131.5MB/236MB
 abecb94bba46 Extracting [===========================>                       ]    132MB/236MB
 abecb94bba46 Extracting [============================>                      ]  132.6MB/236MB
 abecb94bba46 Extracting [============================>                      ]  133.1MB/236MB
 efb8c6bed1c3 Extracting [=============================>                     ]  75.76MB/130.5MB
 abecb94bba46 Extracting [============================>                      ]  133.7MB/236MB
 efb8c6bed1c3 Extracting [=============================>                     ]  76.32MB/130.5MB
 abecb94bba46 Extracting [============================>                      ]  134.3MB/236MB
 abecb94bba46 Extracting [============================>                      ]  134.8MB/236MB
 abecb94bba46 Extracting [============================>                      ]  135.4MB/236MB
 efb8c6bed1c3 Extracting [=============================>                     ]  76.87MB/130.5MB
 abecb94bba46 Extracting [============================>                      ]  135.9MB/236MB
 abecb94bba46 Extracting [============================>                      ]  136.5MB/236MB
 efb8c6bed1c3 Extracting [=============================>                     ]  77.43MB/130.5MB
 efb8c6bed1c3 Extracting [=============================>                     ]  77.99MB/130.5MB
 abecb94bba46 Extracting [=============================>                     ]    137MB/236MB
 efb8c6bed1c3 Extracting [==============================>                    ]  78.54MB/130.5MB
 abecb94bba46 Extracting [=============================>                     ]  137.6MB/236MB
 abecb94bba46 Extracting [=============================>                     ]  138.1MB/236MB
 efb8c6bed1c3 Extracting [==============================>                    ]   79.1MB/130.5MB
 abecb94bba46 Extracting [=============================>                     ]  138.7MB/236MB
 efb8c6bed1c3 Extracting [==============================>                    ]  79.66MB/130.5MB
 abecb94bba46 Extracting [=============================>                     ]  139.8MB/236MB
 efb8c6bed1c3 Extracting [==============================>                    ]  80.22MB/130.5MB
 efb8c6bed1c3 Extracting [==============================>                    ]  80.77MB/130.5MB
 abecb94bba46 Extracting [=============================>                     ]  140.4MB/236MB
 efb8c6bed1c3 Extracting [===============================>                   ]  81.33MB/130.5MB
 efb8c6bed1c3 Extracting [===============================>                   ]  81.89MB/130.5MB
 abecb94bba46 Extracting [=============================>                     ]  140.9MB/236MB
 abecb94bba46 Extracting [=============================>                     ]  141.5MB/236MB
 efb8c6bed1c3 Extracting [===============================>                   ]     83MB/130.5MB
 efb8c6bed1c3 Extracting [================================>                  ]  83.56MB/130.5MB
 efb8c6bed1c3 Extracting [================================>                  ]  84.12MB/130.5MB
 abecb94bba46 Extracting [==============================>                    ]    142MB/236MB
 abecb94bba46 Extracting [==============================>                    ]  142.6MB/236MB
 efb8c6bed1c3 Extracting [================================>                  ]  84.67MB/130.5MB
 abecb94bba46 Extracting [==============================>                    ]  143.2MB/236MB
 efb8c6bed1c3 Extracting [================================>                  ]  85.23MB/130.5MB
 efb8c6bed1c3 Extracting [================================>                  ]  85.79MB/130.5MB
 abecb94bba46 Extracting [==============================>                    ]  143.7MB/236MB
 efb8c6bed1c3 Extracting [=================================>                 ]   86.9MB/130.5MB
 abecb94bba46 Extracting [==============================>                    ]  144.3MB/236MB
 efb8c6bed1c3 Extracting [=================================>                 ]  87.46MB/130.5MB
 abecb94bba46 Extracting [==============================>                    ]  144.8MB/236MB
 efb8c6bed1c3 Extracting [=================================>                 ]  88.01MB/130.5MB
 abecb94bba46 Extracting [==============================>                    ]  145.4MB/236MB
 efb8c6bed1c3 Extracting [=================================>                 ]  88.57MB/130.5MB
 abecb94bba46 Extracting [==============================>                    ]  145.9MB/236MB
 efb8c6bed1c3 Extracting [==================================>                ]  89.13MB/130.5MB
 abecb94bba46 Extracting [===============================>                   ]  146.5MB/236MB
 efb8c6bed1c3 Extracting [==================================>                ]  89.69MB/130.5MB
 abecb94bba46 Extracting [===============================>                   ]  147.1MB/236MB
 abecb94bba46 Extracting [===============================>                   ]  147.6MB/236MB
 abecb94bba46 Extracting [===============================>                   ]  148.2MB/236MB
 abecb94bba46 Extracting [===============================>                   ]  148.7MB/236MB
 efb8c6bed1c3 Extracting [==================================>                ]  90.24MB/130.5MB
 abecb94bba46 Extracting [===============================>                   ]  149.3MB/236MB
 abecb94bba46 Extracting [===============================>                   ]  149.8MB/236MB
 abecb94bba46 Extracting [===============================>                   ]  150.4MB/236MB
 efb8c6bed1c3 Extracting [==================================>                ]   90.8MB/130.5MB
 abecb94bba46 Extracting [===============================>                   ]    151MB/236MB
 abecb94bba46 Extracting [================================>                  ]  151.5MB/236MB
 abecb94bba46 Extracting [================================>                  ]  152.1MB/236MB
 efb8c6bed1c3 Extracting [===================================>               ]  91.36MB/130.5MB
 abecb94bba46 Extracting [================================>                  ]  152.6MB/236MB
 abecb94bba46 Extracting [================================>                  ]  153.2MB/236MB
 abecb94bba46 Extracting [================================>                  ]  153.7MB/236MB
 abecb94bba46 Extracting [================================>                  ]  154.3MB/236MB
 abecb94bba46 Extracting [================================>                  ]  154.9MB/236MB
 abecb94bba46 Extracting [=================================>                 ]    156MB/236MB
 abecb94bba46 Extracting [=================================>                 ]  156.5MB/236MB
 efb8c6bed1c3 Extracting [===================================>               ]  91.91MB/130.5MB
 abecb94bba46 Extracting [=================================>                 ]  157.1MB/236MB
 abecb94bba46 Extracting [=================================>                 ]  157.6MB/236MB
 abecb94bba46 Extracting [=================================>                 ]  158.2MB/236MB
 abecb94bba46 Extracting [=================================>                 ]  158.8MB/236MB
 efb8c6bed1c3 Extracting [===================================>               ]  92.47MB/130.5MB
 abecb94bba46 Extracting [=================================>                 ]  159.3MB/236MB
 abecb94bba46 Extracting [=================================>                 ]  159.9MB/236MB
 abecb94bba46 Extracting [=================================>                 ]  160.4MB/236MB
 abecb94bba46 Extracting [==================================>                ]    161MB/236MB
 abecb94bba46 Extracting [==================================>                ]  161.5MB/236MB
 abecb94bba46 Extracting [==================================>                ]  162.1MB/236MB
 efb8c6bed1c3 Extracting [===================================>               ]  93.03MB/130.5MB
 abecb94bba46 Extracting [==================================>                ]  162.7MB/236MB
 efb8c6bed1c3 Extracting [===================================>               ]  93.59MB/130.5MB
 abecb94bba46 Extracting [==================================>                ]  163.2MB/236MB
 efb8c6bed1c3 Extracting [====================================>              ]  94.14MB/130.5MB
 abecb94bba46 Extracting [==================================>                ]  163.8MB/236MB
 efb8c6bed1c3 Extracting [====================================>              ]   94.7MB/130.5MB
 abecb94bba46 Extracting [==================================>                ]  164.3MB/236MB
 efb8c6bed1c3 Extracting [====================================>              ]  95.26MB/130.5MB
 abecb94bba46 Extracting [==================================>                ]  164.9MB/236MB
 abecb94bba46 Extracting [===================================>               ]  165.4MB/236MB
 abecb94bba46 Extracting [===================================>               ]    166MB/236MB
 efb8c6bed1c3 Extracting [====================================>              ]  95.81MB/130.5MB
 abecb94bba46 Extracting [===================================>               ]  166.6MB/236MB
 abecb94bba46 Extracting [===================================>               ]  167.1MB/236MB
 efb8c6bed1c3 Extracting [====================================>              ]  96.37MB/130.5MB
 abecb94bba46 Extracting [===================================>               ]  167.7MB/236MB
 abecb94bba46 Extracting [===================================>               ]  168.2MB/236MB
 abecb94bba46 Extracting [===================================>               ]  168.8MB/236MB
 abecb94bba46 Extracting [===================================>               ]  169.3MB/236MB
 efb8c6bed1c3 Extracting [=====================================>             ]  96.93MB/130.5MB
 abecb94bba46 Extracting [===================================>               ]  169.9MB/236MB
 abecb94bba46 Extracting [====================================>              ]  170.5MB/236MB
 abecb94bba46 Extracting [====================================>              ]    171MB/236MB
 efb8c6bed1c3 Extracting [=====================================>             ]  97.48MB/130.5MB
 abecb94bba46 Extracting [====================================>              ]  171.6MB/236MB
 efb8c6bed1c3 Extracting [=====================================>             ]   98.6MB/130.5MB
 abecb94bba46 Extracting [====================================>              ]  172.1MB/236MB
 efb8c6bed1c3 Extracting [======================================>            ]  99.71MB/130.5MB
 abecb94bba46 Extracting [====================================>              ]  173.2MB/236MB
 abecb94bba46 Extracting [====================================>              ]  173.8MB/236MB
 abecb94bba46 Extracting [====================================>              ]  174.4MB/236MB
 efb8c6bed1c3 Extracting [======================================>            ]  100.3MB/130.5MB
 abecb94bba46 Extracting [=====================================>             ]  174.9MB/236MB
 abecb94bba46 Extracting [=====================================>             ]  175.5MB/236MB
 efb8c6bed1c3 Extracting [======================================>            ]  100.8MB/130.5MB
 abecb94bba46 Extracting [=====================================>             ]  176.6MB/236MB
 efb8c6bed1c3 Extracting [======================================>            ]  101.4MB/130.5MB
 abecb94bba46 Extracting [=====================================>             ]  177.1MB/236MB
 abecb94bba46 Extracting [=====================================>             ]  177.7MB/236MB
 abecb94bba46 Extracting [=====================================>             ]  178.3MB/236MB
 efb8c6bed1c3 Extracting [=======================================>           ]  101.9MB/130.5MB
 abecb94bba46 Extracting [=====================================>             ]  178.8MB/236MB
 abecb94bba46 Extracting [=====================================>             ]  179.4MB/236MB
 efb8c6bed1c3 Extracting [=======================================>           ]  102.5MB/130.5MB
 abecb94bba46 Extracting [======================================>            ]  180.5MB/236MB
 efb8c6bed1c3 Extracting [=======================================>           ]  103.1MB/130.5MB
 abecb94bba46 Extracting [======================================>            ]    181MB/236MB
 efb8c6bed1c3 Extracting [=======================================>           ]  103.6MB/130.5MB
 abecb94bba46 Extracting [======================================>            ]  181.6MB/236MB
 efb8c6bed1c3 Extracting [=======================================>           ]  104.2MB/130.5MB
 abecb94bba46 Extracting [======================================>            ]  182.2MB/236MB
 abecb94bba46 Extracting [======================================>            ]  182.7MB/236MB
 efb8c6bed1c3 Extracting [========================================>          ]  104.7MB/130.5MB
 abecb94bba46 Extracting [======================================>            ]  183.3MB/236MB
 abecb94bba46 Extracting [======================================>            ]  183.8MB/236MB
 efb8c6bed1c3 Extracting [========================================>          ]  105.3MB/130.5MB
 abecb94bba46 Extracting [=======================================>           ]  185.5MB/236MB
 efb8c6bed1c3 Extracting [========================================>          ]  105.8MB/130.5MB
 abecb94bba46 Extracting [=======================================>           ]  186.6MB/236MB
